
  import { NgModule } from '@angular/core';
import { ErrorTailorModule } from '@ngneat/error-tailor';

  @NgModule({declarations: [], imports: [ErrorTailorModule.forRoot({
      errors: {
        useValue: {
          required: error => 'This field is required'
        }
      }
    })], bootstrap: [], })
  export class AppModule { }
